{
    "versions": {
        "content": [
            [
                "versions.yml:md5,0d4bc49e94acb8995ca552d4e666e3ce",
                "versions.yml:md5,754bb19f86be761d90c002a0af2faf1c"
            ]
        ],
        "timestamp": "2023-12-22T14:09:24.171934"
    }
}