{
    "versions": {
        "content": [
            [
                "versions.yml:md5,2ac93e1e6324236af6f9a794bbac2099"
            ]
        ],
        "timestamp": "2023-12-05T12:15:32.969684"
    }
}