{
    "short fasta - error - terminate gracefully": {
        "content": [
            {
                "successful tasks": 0,
                "versions": {
                    "Workflow": {
                        "plant-food-research-open/genepal": "v0.5.1"
                    }
                },
                "stable paths": [
                    
                ]
            }
        ],
        "meta": {
            "nf-test": "0.9.0",
            "nextflow": "24.10.1"
        },
        "timestamp": "2024-12-02T16:52:41.687179"
    }
}